../HandWashMachine/component/lcd/lcd.c:92:6:ssd1306_command	24	static
../HandWashMachine/component/lcd/lcd.c:97:6:SSD1306_Begin	16	static
../HandWashMachine/component/lcd/lcd.c:177:6:SSD1306_DrawPixel	16	static
../HandWashMachine/component/lcd/lcd.c:188:6:SSD1306_StartScrollRight	16	static
../HandWashMachine/component/lcd/lcd.c:199:6:SSD1306_StartScrollLeft	16	static
../HandWashMachine/component/lcd/lcd.c:210:6:SSD1306_StartScrollDiagRight	16	static
../HandWashMachine/component/lcd/lcd.c:223:6:SSD1306_StartScrollDiagLeft	16	static
../HandWashMachine/component/lcd/lcd.c:236:6:SSD1306_StopScroll	8	static
../HandWashMachine/component/lcd/lcd.c:240:6:SSD1306_Dim	24	static
../HandWashMachine/component/lcd/lcd.c:256:6:SSD1306_Display	32	static
../HandWashMachine/component/lcd/lcd.c:284:6:SSD1306_ClearDisplay	16	static
../HandWashMachine/component/lcd/lcd.c:289:6:SSD1306_DrawLine	40	static
../HandWashMachine/component/lcd/lcd.c:340:6:SSD1306_DrawFastHLine	32	static
../HandWashMachine/component/lcd/lcd.c:344:6:SSD1306_DrawFastVLine	32	static
../HandWashMachine/component/lcd/lcd.c:348:6:SSD1306_FillRect	32	static
../HandWashMachine/component/lcd/lcd.c:353:6:SSD1306_FillScreen	24	static
../HandWashMachine/component/lcd/lcd.c:357:6:SSD1306_DrawCircle	32	static
../HandWashMachine/component/lcd/lcd.c:391:6:SSD1306_DrawCircleHelper	40	static
../HandWashMachine/component/lcd/lcd.c:428:6:SSD1306_FillCircle	32	static
../HandWashMachine/component/lcd/lcd.c:433:6:SSD1306_FillCircleHelper	40	static
../HandWashMachine/component/lcd/lcd.c:462:6:SSD1306_DrawRect	24	static
../HandWashMachine/component/lcd/lcd.c:469:6:SSD1306_DrawRoundRect	24	static
../HandWashMachine/component/lcd/lcd.c:482:6:SSD1306_FillRoundRect	32	static
../HandWashMachine/component/lcd/lcd.c:491:6:SSD1306_DrawTriangle	32	static
../HandWashMachine/component/lcd/lcd.c:498:6:SSD1306_FillTriangle	72	static
../HandWashMachine/component/lcd/lcd.c:571:6:SSD1306_DrawChar	24	static
../HandWashMachine/component/lcd/lcd.c:577:6:SSD1306_DrawText	16	static
../HandWashMachine/component/lcd/lcd.c:584:6:SSD1306_TextSize	16	static
../HandWashMachine/component/lcd/lcd.c:590:6:SSD1306_GotoXY	16	static
../HandWashMachine/component/lcd/lcd.c:597:6:SSD1306_Print	40	static
../HandWashMachine/component/lcd/lcd.c:657:6:SSD1306_PutCustomC	40	static
../HandWashMachine/component/lcd/lcd.c:690:6:SSD1306_SetTextWrap	16	static
../HandWashMachine/component/lcd/lcd.c:694:6:SSD1306_InvertDisplay	16	static
../HandWashMachine/component/lcd/lcd.c:701:6:SSD1306_DrawBMP	16	static
