../Core/Src/main.c:87:5:main	8	static
../Core/Src/main.c:169:6:SystemClock_Config	88	static
../Core/Src/main.c:214:13:MX_ADC1_Init	24	static
../Core/Src/main.c:261:13:MX_I2C1_Init	8	static
../Core/Src/main.c:295:13:MX_IWDG_Init	8	static
../Core/Src/main.c:323:13:MX_USART1_UART_Init	8	static
../Core/Src/main.c:356:13:MX_USART2_UART_Init	8	static
../Core/Src/main.c:389:13:MX_GPIO_Init	40	static
../Core/Src/main.c:431:6:StartDefaultTask	16	static
../Core/Src/main.c:450:6:HAL_TIM_PeriodElapsedCallback	16	static
../Core/Src/main.c:467:6:Error_Handler	4	static,ignoring_inline_asm
